#
# A fatal error has been detected by the Java Runtime Environment:
#
#  EXCEPTION_ACCESS_VIOLATION (0xc0000005) at pc=0x00007ff846511b79, pid=3172, tid=17188
#
# JRE version:  (21.0.8+9) (build )
# Java VM: OpenJDK 64-Bit Server VM (21.0.8+9-LTS, mixed mode, sharing, tiered, compressed class ptrs, unknown gc, windows-amd64)
# Problematic frame:
# C  [jimage.dll+0x1b79]
#
# No core dump will be written. Minidumps are not enabled by default on client versions of Windows
#
#

---------------  S U M M A R Y ------------

Command Line: 

Host: AMD Ryzen 5 5500                               , 12 cores, 15G,  Windows 11 , 64 bit Build 26100 (10.0.26100.4484)
Time: Tue Oct 14 19:05:13 2025 Malay Peninsula Standard Time elapsed time: 2.245563 seconds (0d 0h 0m 2s)

---------------  T H R E A D  ---------------

Current thread is native thread

Stack: [0x000000223db00000,0x000000223dc00000],  sp=0x000000223dbfe060,  free space=1016k
Native frames: (J=compiled Java code, j=interpreted, Vv=VM code, C=native code)
C  [jimage.dll+0x1b79]
C  [jimage.dll+0x1d03]
C  [jimage.dll+0x25c9]
V  [jvm.dll+0x21ec82]
V  [jvm.dll+0xc9f40]
V  [jvm.dll+0x86040c]
V  [jvm.dll+0x4530ee]
V  [jvm.dll+0x454d31]
C  [jli.dll+0x5278]
C  [ucrtbase.dll+0x37b0]
C  [KERNEL32.DLL+0x2e8d7]
C  [ntdll.dll+0x3c34c]


siginfo: EXCEPTION_ACCESS_VIOLATION (0xc0000005), reading address 0x0000000000019bfc


Registers:
RAX=0x00000000000007b4, RBX=0x000000223dbfe151, RCX=0x00007ff846516000, RDX=0x00000000000066f8
RSP=0x000000223dbfe060, RBP=0x000000223dbfe150, RSI=0x0000000000007625, RDI=0x000000223dbfe150
R8 =0x00007ff846514298, R9 =0x000000000000001c, R10=0x00007ff83bc80000, R11=0x00007ff846516000
R12=0x0000000000000000, R13=0x000000223dbffbe0, R14=0x000000223dbff1c0, R15=0x00007fffba49d410
RIP=0x00007ff846511b79, EFLAGS=0x0000000000010213

XMM[0]=0x0000000000000000 0x0000000000000000
XMM[1]=0x2f6d762f6c616e72 0x65746e692f6b646a
XMM[2]=0x736e6f6974706f2f 0x6d762f6c616e7265
XMM[3]=0x0000000000000000 0x0000000000000000
XMM[4]=0x0000000000000000 0x0000000000000000
XMM[5]=0x0000000000000000 0x0000000000000000
XMM[6]=0x0000000000000000 0x0000000000000000
XMM[7]=0x0000000000000000 0x0000000000000000
XMM[8]=0x0000000000000000 0x0000000000000000
XMM[9]=0x0000000000000000 0x0000000000000000
XMM[10]=0x0000000000000000 0x0000000000000000
XMM[11]=0x0000000000000000 0x0000000000000000
XMM[12]=0x0000000000000000 0x0000000000000000
XMM[13]=0x0000000000000000 0x0000000000000000
XMM[14]=0x0000000000000000 0x0000000000000000
XMM[15]=0x0000000000000000 0x0000000000000000
  MXCSR=0x00001f80


Top of Stack: (sp=0x000000223dbfe060)
0x000000223dbfe060:   006300730076002e 000000223dbfe528
0x000000223dbfe070:   0065007400780065 006f00690073006e
0x000000223dbfe080:   000001f6f6a6dad0 00007ff846511d03
0x000000223dbfe090:   000000000000000b 000001f6f6a6dad0
0x000000223dbfe0a0:   002e00360034002e 00690077002d0030
0x000000223dbfe0b0:   002d00320033006e 005c003400360078
0x000000223dbfe0c0:   005c00650072006a 0030002e00310032
0x000000223dbfe0d0:   000000630038002e 00320033006e0069
0x000000223dbfe0e0:   003600380078002d 005c00340036005f
0x000000223dbfe0f0:   000098a0174a4faa 0076007200650073
0x000000223dbfe100:   00007fffba47adb0 0000000000000017
0x000000223dbfe110:   000001f6f6a6dad0 000000223dbff1c0
0x000000223dbfe120:   000000000000000b 00007ff8465125c9
0x000000223dbfe130:   0000000000000000 0000000000000000
0x000000223dbfe140:   000001f6f6b29410 0000000000000000
0x000000223dbfe150:   61622e6176616a2f 692f6b646a2f6573
0x000000223dbfe160:   2f6c616e7265746e 6f6974706f2f6d76
0x000000223dbfe170:   000000000000736e 0000000000000000
0x000000223dbfe180:   0000000000000000 0000000000000000
0x000000223dbfe190:   000001f6f6b29410 0000000000000000
0x000000223dbfe1a0:   0000000000000000 0000000000000000
0x000000223dbfe1b0:   0000000000000000 0000000000000000
0x000000223dbfe1c0:   0000000000000000 0000000000000000
0x000000223dbfe1d0:   0000000000000000 0000000000000000
0x000000223dbfe1e0:   0000000000000000 0000000000000000
0x000000223dbfe1f0:   0000000000000000 0000000000000000
0x000000223dbfe200:   0000000000000000 0000000000000000
0x000000223dbfe210:   0000000000000000 0000000000000000
0x000000223dbfe220:   0000000000000000 0000000000000000
0x000000223dbfe230:   0000000000000000 0000000000000000
0x000000223dbfe240:   0000000000000000 0000000000000000
0x000000223dbfe250:   0000000000000000 0000000000000000 

Instructions: (pc=0x00007ff846511b79)
0x00007ff846511a79:   48 85 c9 74 1d 80 3d 8b 45 00 00 00 74 06 48 8b
0x00007ff846511a89:   53 18 eb 04 48 8b 53 40 e8 8e 0e 00 00 48 83 63
0x00007ff846511a99:   48 00 8b 4b 0c 83 f9 ff 74 09 e8 c4 0c 00 00 83
0x00007ff846511aa9:   4b 0c ff 48 8b 4b 70 48 85 c9 74 0f ba 10 00 00
0x00007ff846511ab9:   00 e8 e5 0e 00 00 48 83 63 70 00 48 83 c4 20 5b
0x00007ff846511ac9:   c3 cc cc 40 53 48 83 ec 20 48 8b d9 48 8d 0d 44
0x00007ff846511ad9:   47 00 00 e8 93 0c 00 00 83 6b 08 01 75 24 48 8b
0x00007ff846511ae9:   d3 48 8d 0d 27 45 00 00 e8 1a 08 00 00 48 8b cb
0x00007ff846511af9:   e8 d6 fe ff ff ba 78 00 00 00 48 8b cb e8 99 0e
0x00007ff846511b09:   00 00 48 8d 0d 0e 47 00 00 48 83 c4 20 5b e9 60
0x00007ff846511b19:   0c 00 00 48 89 5c 24 08 48 89 74 24 10 57 48 83
0x00007ff846511b29:   ec 20 41 8b f1 4d 8b c8 48 8b fa 4c 8b d9 4d 85
0x00007ff846511b39:   c0 74 73 85 f6 74 6f 44 8a 12 48 8d 5a 01 48 8b
0x00007ff846511b49:   d3 b8 93 01 00 01 eb 12 69 c0 93 01 00 01 41 0f
0x00007ff846511b59:   b6 ca 44 8a 12 33 c1 48 ff c2 45 84 d2 75 e9 4d
0x00007ff846511b69:   8b 03 33 d2 0f ba f0 1f 49 8b cb f7 f6 48 63 d2
0x00007ff846511b79:   41 8b 14 91 41 ff 50 08 85 c0 7e 24 8a 0f eb 10
0x00007ff846511b89:   69 c0 93 01 00 01 0f b6 c9 33 c1 8a 0b 48 ff c3
0x00007ff846511b99:   84 c9 75 ec 0f ba f0 1f 33 d2 f7 f6 8b c2 eb 09
0x00007ff846511ba9:   79 04 f7 d0 eb 03 83 c8 ff 48 8b 5c 24 30 48 8b
0x00007ff846511bb9:   74 24 38 48 83 c4 20 5f c3 cc cc 48 89 5c 24 08
0x00007ff846511bc9:   48 89 74 24 10 57 48 83 ec 20 48 8b f1 48 8d 0d
0x00007ff846511bd9:   43 46 00 00 e8 92 0b 00 00 33 ff 39 3d 2e 44 00
0x00007ff846511be9:   00 76 24 48 8b 05 2d 44 00 00 48 8b d6 48 8b 1c
0x00007ff846511bf9:   f8 48 8b 0b e8 68 1e 00 00 85 c0 74 2b ff c7 3b
0x00007ff846511c09:   3d 0a 44 00 00 72 dc 33 db 48 8d 0d 07 46 00 00
0x00007ff846511c19:   e8 5e 0b 00 00 48 8b 74 24 38 48 8b c3 48 8b 5c
0x00007ff846511c29:   24 30 48 83 c4 20 5f c3 ff 43 08 eb dc cc cc 48
0x00007ff846511c39:   89 5c 24 08 48 89 74 24 10 57 48 83 ec 20 48 8b
0x00007ff846511c49:   d9 48 8b f2 48 8b 49 10 49 8b f8 8b 53 30 48 8b
0x00007ff846511c59:   01 ff 50 20 4c 8b 43 50 48 8b d6 48 8b 4b 10 44
0x00007ff846511c69:   8b c8 e8 ac fe ff ff 83 f8 ff 74 38 48 8b 4b 10 



---------------  P R O C E S S  ---------------

VM state: not at safepoint (not fully initialized)

VM Mutex/Monitor currently owned by a thread: None

CDS archive(s) mapped at: [0x0000000000000000-0x0000000000000000-0x0000000000000000), size 0, SharedBaseAddress: 0x0000000800000000, ArchiveRelocationMode: 1.
Narrow klass base: 0x0000000000000000, Narrow klass shift: 0, Narrow klass range: 0x0

GC Precious Log:
<Not initialized>


Dynamic libraries:
0x00007ff7d2050000 - 0x00007ff7d205e000 	c:\Users\ADMIN\.vscode\extensions\redhat.java-1.46.0-win32-x64\jre\21.0.8-win32-x86_64\bin\java.exe
0x00007ff85d080000 - 0x00007ff85d2e8000 	C:\WINDOWS\SYSTEM32\ntdll.dll
0x00007ff85b0b0000 - 0x00007ff85b179000 	C:\WINDOWS\System32\KERNEL32.DLL
0x00007ff85a1d0000 - 0x00007ff85a5bd000 	C:\WINDOWS\System32\KERNELBASE.dll
0x00007ff85aa20000 - 0x00007ff85ab6b000 	C:\WINDOWS\System32\ucrtbase.dll
0x00007ff83bc80000 - 0x00007ff83bc9e000 	c:\Users\ADMIN\.vscode\extensions\redhat.java-1.46.0-win32-x64\jre\21.0.8-win32-x86_64\bin\VCRUNTIME140.dll
0x00007ff838340000 - 0x00007ff838358000 	c:\Users\ADMIN\.vscode\extensions\redhat.java-1.46.0-win32-x64\jre\21.0.8-win32-x86_64\bin\jli.dll
0x00007ff85b8a0000 - 0x00007ff85ba6c000 	C:\WINDOWS\System32\USER32.dll
0x00007ff844350000 - 0x00007ff8445ea000 	C:\WINDOWS\WinSxS\amd64_microsoft.windows.common-controls_6595b64144ccf1df_6.0.26100.4484_none_3e0e6d4ce32ef3b3\COMCTL32.dll
0x00007ff85a7d0000 - 0x00007ff85a7f7000 	C:\WINDOWS\System32\win32u.dll
0x00007ff85b3c0000 - 0x00007ff85b469000 	C:\WINDOWS\System32\msvcrt.dll
0x00007ff85ba70000 - 0x00007ff85ba9b000 	C:\WINDOWS\System32\GDI32.dll
0x00007ff85ab70000 - 0x00007ff85aca7000 	C:\WINDOWS\System32\gdi32full.dll
0x00007ff85ad70000 - 0x00007ff85ae13000 	C:\WINDOWS\System32\msvcp_win.dll
0x00007ff85c830000 - 0x00007ff85c85f000 	C:\WINDOWS\System32\IMM32.DLL
0x00007ff8528c0000 - 0x00007ff8528cc000 	c:\Users\ADMIN\.vscode\extensions\redhat.java-1.46.0-win32-x64\jre\21.0.8-win32-x86_64\bin\vcruntime140_1.dll
0x00007ff832490000 - 0x00007ff83251d000 	c:\Users\ADMIN\.vscode\extensions\redhat.java-1.46.0-win32-x64\jre\21.0.8-win32-x86_64\bin\msvcp140.dll
0x00007fffb9a90000 - 0x00007fffba827000 	c:\Users\ADMIN\.vscode\extensions\redhat.java-1.46.0-win32-x64\jre\21.0.8-win32-x86_64\bin\server\jvm.dll
0x00007ff85baa0000 - 0x00007ff85bb54000 	C:\WINDOWS\System32\ADVAPI32.dll
0x00007ff85b500000 - 0x00007ff85b5a6000 	C:\WINDOWS\System32\sechost.dll
0x00007ff85b2a0000 - 0x00007ff85b3b8000 	C:\WINDOWS\System32\RPCRT4.dll
0x00007ff85ae20000 - 0x00007ff85ae94000 	C:\WINDOWS\System32\WS2_32.dll
0x00007ff85a040000 - 0x00007ff85a09e000 	C:\WINDOWS\SYSTEM32\POWRPROF.dll
0x00007ff84b100000 - 0x00007ff84b135000 	C:\WINDOWS\SYSTEM32\WINMM.dll
0x00007ff851fd0000 - 0x00007ff851fdb000 	C:\WINDOWS\SYSTEM32\VERSION.dll
0x00007ff85a020000 - 0x00007ff85a034000 	C:\WINDOWS\SYSTEM32\UMPDC.dll
0x00007ff858e90000 - 0x00007ff858eab000 	C:\WINDOWS\SYSTEM32\kernel.appcore.dll
0x00007ff846510000 - 0x00007ff84651a000 	c:\Users\ADMIN\.vscode\extensions\redhat.java-1.46.0-win32-x64\jre\21.0.8-win32-x86_64\bin\jimage.dll
0x00007ff852260000 - 0x00007ff8524a1000 	C:\WINDOWS\SYSTEM32\DBGHELP.DLL
0x00007ff85bb60000 - 0x00007ff85bee6000 	C:\WINDOWS\System32\combase.dll
0x00007ff85c740000 - 0x00007ff85c820000 	C:\WINDOWS\System32\OLEAUT32.dll
0x00007ff848f60000 - 0x00007ff848fa3000 	C:\WINDOWS\SYSTEM32\dbgcore.DLL
0x00007ff85a980000 - 0x00007ff85aa19000 	C:\WINDOWS\System32\bcryptPrimitives.dll

JVMTI agents: none

dbghelp: loaded successfully - version: 4.0.5 - missing functions: none
symbol engine: initialized successfully - sym options: 0x614 - pdb path: .;c:\Users\ADMIN\.vscode\extensions\redhat.java-1.46.0-win32-x64\jre\21.0.8-win32-x86_64\bin;C:\WINDOWS\SYSTEM32;C:\WINDOWS\WinSxS\amd64_microsoft.windows.common-controls_6595b64144ccf1df_6.0.26100.4484_none_3e0e6d4ce32ef3b3;c:\Users\ADMIN\.vscode\extensions\redhat.java-1.46.0-win32-x64\jre\21.0.8-win32-x86_64\bin\server

VM Arguments:
java_command: <unknown>
java_class_path (initial): <not set>
Launcher Type: SUN_STANDARD

[Global flags]
     bool UseLargePagesIndividualAllocation        = false                                  {pd product} {ergonomic}

Logging:
Log output configuration:
 #0: stdout all=warning uptime,level,tags foldmultilines=false
 #1: stderr all=off uptime,level,tags foldmultilines=false

Environment Variables:
PATH=C:\Program Files\Eclipse Adoptium\jdk-21.0.6.7-hotspot\bin;C:\Program Files (x86)\Common Files\Oracle\Java\java8path;C:\Program Files (x86)\Common Files\Oracle\Java\javapath;C:\Program Files (x86)\Common Files\Intel\Shared Libraries\redist\intel64\compiler;C:\WINDOWS\system32;C:\WINDOWS;C:\WINDOWS\System32\Wbem;C:\WINDOWS\System32\WindowsPowerShell\v1.0\;C:\WINDOWS\System32\OpenSSH\;C:\Program Files (x86)\Microsoft SQL Server\160\Tools\Binn\;C:\Program Files\Microsoft SQL Server\160\Tools\Binn\;C:\Program Files\Microsoft SQL Server\Client SDK\ODBC\170\Tools\Binn\;C:\Program Files\Microsoft SQL Server\160\DTS\Binn\;C:\Program Files (x86)\Microsoft SQL Server\160\DTS\Binn\;C:\ProgramData\ComposerSetup\bin;C:\Program Files\Git\cmd;C:\Program Files\Git\bin;C:\php-8.4.4;C:\Program Files\nodejs;C:\Program Files\nodejs\;C:\Program Files\PostgreSQL\17\bin;C:\Users\ADMIN\AppData\Local\Programs\Python\Python313\Scripts\;C:\Users\ADMIN\AppData\Local\Programs\Python\Python313\;C:\Users\ADMIN\AppData\Local\Programs\Python\Launcher\;C:\Users\ADMIN\AppData\Local\Microsoft\WindowsApps;C:\Users\ADMIN\AppData\Local\Programs\Microsoft VS Code\bin;C:\php-8.4.4;C:\Users\ADMIN\AppData\Roaming\Composer\vendor\bin;C:\Users\ADMIN\AppData\Roaming\npm;C:\Users\ADMIN\AppData\Local\Android\Sdk\platform-tools;C:\Users\ADMIN\AppData\Local\Android\Sdk\tools;C:\Users\ADMIN\AppData\Local\Android\Sdk\tools\bin;;C:\Program Files\JetBrains\IntelliJ IDEA 2025.1.1.1\bin;
USERNAME=ADMIN
OS=Windows_NT
PROCESSOR_IDENTIFIER=AMD64 Family 25 Model 80 Stepping 0, AuthenticAMD
TMP=C:\Users\ADMIN\AppData\Local\Temp
TEMP=C:\Users\ADMIN\AppData\Local\Temp




Periodic native trim disabled

---------------  S Y S T E M  ---------------

OS:
 Windows 11 , 64 bit Build 26100 (10.0.26100.4484)
OS uptime: 0 days 12:03 hours

CPU: total 12 (initial active 0) 
Processor Information for the first 12 processors :
  Max Mhz: 3600, Current Mhz: 3600, Mhz Limit: 3600

Memory: 4k page, system-wide physical 16273M (1417M free)
TotalPageFile size 65425M (AvailPageFile size 73M)
current process WorkingSet (physical memory assigned to process): 10M, peak: 10M
current process commit charge ("private bytes"): 3M, peak: 3M

vm_info: OpenJDK 64-Bit Server VM (21.0.8+9-LTS) for windows-amd64 JRE (21.0.8+9-LTS), built on 2025-07-15T00:00:00Z by "admin" with MS VC++ 17.7 (VS2022)

END.
